\BOOKMARK [1][-]{section.1}{\376\377\000I\000n\000t\000r\000o\000d\000u\000c\000t\000i\000o\000n}{}% 1
\BOOKMARK [1][-]{section.2}{\376\377\000T\000a\000s\000k\000\040\000S\000e\000t\000u\000p\000\040\000a\000n\000d\000\040\000E\000v\000a\000l\000u\000a\000t\000i\000o\000n\000\040\000C\000r\000i\000t\000e\000r\000i\000a}{}% 2
\BOOKMARK [2][-]{subsection.2.1}{\376\377\000M\000a\000n\000i\000p\000u\000l\000a\000t\000i\000o\000n\000\040\000T\000a\000s\000k\000s}{section.2}% 3
\BOOKMARK [2][-]{subsection.2.2}{\376\377\000S\000u\000c\000c\000e\000s\000s\000\040\000D\000e\000f\000i\000n\000i\000t\000i\000o\000n\000\040\000a\000n\000d\000\040\000T\000r\000a\000n\000s\000f\000e\000r\000\040\000D\000i\000f\000f\000i\000c\000u\000l\000t\000y}{section.2}% 4
\BOOKMARK [2][-]{subsection.2.3}{\376\377\000M\000e\000t\000r\000i\000c\000s}{section.2}% 5
\BOOKMARK [1][-]{section.3}{\376\377\000M\000e\000t\000h\000o\000d\000s}{}% 6
\BOOKMARK [2][-]{subsection.3.1}{\376\377\000M\000e\000t\000h\000o\000d\000\040\000A\000:\000\040\000P\000P\000O\000\040\000w\000i\000t\000h\000\040\000R\000e\000w\000a\000r\000d\000\040\000S\000h\000a\000p\000i\000n\000g}{section.3}% 7
\BOOKMARK [3][-]{subsubsection.3.1.1}{\376\377\000O\000b\000j\000e\000c\000t\000i\000v\000e}{subsection.3.1}% 8
\BOOKMARK [3][-]{subsubsection.3.1.2}{\376\377\000S\000h\000a\000p\000i\000n\000g\000\040\000D\000e\000s\000i\000g\000n}{subsection.3.1}% 9
\BOOKMARK [3][-]{subsubsection.3.1.3}{\376\377\000V\000e\000r\000s\000i\000o\000n\000e\000d\000\040\000P\000r\000o\000g\000r\000e\000s\000s\000i\000o\000n\000\040\000\050\000v\0001\040\023\000v\0003\000\051}{subsection.3.1}% 10
\BOOKMARK [3][-]{subsubsection.3.1.4}{\376\377\000R\000e\000w\000a\000r\000d\000-\000T\000e\000r\000m\000\040\000C\000o\000m\000p\000a\000r\000i\000s\000o\000n}{subsection.3.1}% 11
\BOOKMARK [2][-]{subsection.3.2}{\376\377\000M\000e\000t\000h\000o\000d\000\040\000B\000:\000\040\000S\000A\000C\000+\000H\000E\000R\000\040\000w\000i\000t\000h\000\040\000C\000u\000r\000r\000i\000c\000u\000l\000u\000m}{section.3}% 12
\BOOKMARK [3][-]{subsubsection.3.2.1}{\376\377\000G\000o\000a\000l\000\040\000s\000p\000a\000c\000e\000\040\000a\000n\000d\000\040\000H\000E\000R\000\040\000c\000o\000n\000s\000i\000s\000t\000e\000n\000c\000y}{subsection.3.2}% 13
\BOOKMARK [3][-]{subsubsection.3.2.2}{\376\377\000R\000e\000w\000a\000r\000d\000\040\000p\000h\000a\000s\000e\000s\000\040\000\050\0001\000A\000\040\000/\000\040\0001\000B\000\040\000/\000\040\0001\000C\000\051}{subsection.3.2}% 14
\BOOKMARK [3][-]{subsubsection.3.2.3}{\376\377\000P\000a\000r\000a\000l\000l\000e\000l\000\040\000c\000u\000r\000r\000i\000c\000u\000l\000a}{subsection.3.2}% 15
\BOOKMARK [1][-]{section.4}{\376\377\000E\000x\000p\000e\000r\000i\000m\000e\000n\000t\000a\000l\000\040\000P\000r\000o\000t\000o\000c\000o\000l}{}% 16
\BOOKMARK [2][-]{subsection.4.1}{\376\377\000S\000o\000f\000t\000w\000a\000r\000e\000\040\000a\000n\000d\000\040\000I\000m\000p\000l\000e\000m\000e\000n\000t\000a\000t\000i\000o\000n\000s}{section.4}% 17
\BOOKMARK [2][-]{subsection.4.2}{\376\377\000P\000P\000O\000\040\000T\000r\000a\000i\000n\000i\000n\000g\000\040\000C\000o\000n\000f\000i\000g\000u\000r\000a\000t\000i\000o\000n\000\040\000\050\000v\0003\000\040\000b\000o\000w\000l\000,\000\040\000d\000e\000f\000a\000u\000l\000t\000s\000\051}{section.4}% 18
\BOOKMARK [2][-]{subsection.4.3}{\376\377\000S\000A\000C\000+\000H\000E\000R\000\040\000T\000r\000a\000i\000n\000i\000n\000g\000\040\000C\000o\000n\000f\000i\000g\000u\000r\000a\000t\000i\000o\000n\000\040\000\050\000b\000o\000w\000l\000,\000\040\000d\000e\000f\000a\000u\000l\000t\000s\000\051}{section.4}% 19
\BOOKMARK [1][-]{section.5}{\376\377\000R\000e\000s\000u\000l\000t\000s}{}% 20
\BOOKMARK [2][-]{subsection.5.1}{\376\377\000P\000P\000O\000\040\000R\000e\000s\000u\000l\000t\000s}{section.5}% 21
\BOOKMARK [3][-]{subsubsection.5.1.1}{\376\377\000P\000P\000O\000\040\000T\000r\000a\000i\000n\000i\000n\000g\000\040\000C\000u\000r\000v\000e\000s}{subsection.5.1}% 22
\BOOKMARK [3][-]{subsubsection.5.1.2}{\376\377\000P\000P\000O\000\040\000K\000e\000y\000\040\000F\000i\000n\000d\000i\000n\000g\000s}{subsection.5.1}% 23
\BOOKMARK [2][-]{subsection.5.2}{\376\377\000S\000A\000C\000+\000H\000E\000R\000\040\000R\000e\000s\000u\000l\000t\000s}{section.5}% 24
\BOOKMARK [2][-]{subsection.5.3}{\376\377\000C\000r\000o\000s\000s\000-\000M\000e\000t\000h\000o\000d\000\040\000B\000e\000h\000a\000v\000i\000o\000r\000a\000l\000\040\000E\000v\000i\000d\000e\000n\000c\000e}{section.5}% 25
\BOOKMARK [2][-]{subsection.5.4}{\376\377\000T\000a\000s\000k\000\040\000V\000i\000s\000u\000a\000l\000i\000z\000a\000t\000i\000o\000n}{section.5}% 26
\BOOKMARK [2][-]{subsection.5.5}{\376\377\000U\000n\000i\000f\000i\000e\000d\000\040\000I\000n\000t\000e\000r\000p\000r\000e\000t\000a\000t\000i\000o\000n}{section.5}% 27
\BOOKMARK [1][-]{section.6}{\376\377\000D\000i\000s\000c\000u\000s\000s\000i\000o\000n}{}% 28
\BOOKMARK [2][-]{subsection.6.1}{\376\377\000W\000h\000y\000\040\000B\000o\000t\000h\000\040\000M\000e\000t\000h\000o\000d\000s\000\040\000I\000m\000p\000r\000o\000v\000e\000\040\000E\000a\000r\000l\000y\000\040\000L\000e\000a\000r\000n\000i\000n\000g}{section.6}% 29
\BOOKMARK [2][-]{subsection.6.2}{\376\377\000W\000h\000y\000\040\000F\000i\000n\000a\000l\000\040\000S\000u\000c\000c\000e\000s\000s\000\040\000R\000e\000m\000a\000i\000n\000s\000\040\000L\000i\000m\000i\000t\000e\000d\000\040\000A\000c\000r\000o\000s\000s\000\040\000M\000e\000t\000h\000o\000d\000s}{section.6}% 30
\BOOKMARK [2][-]{subsection.6.3}{\376\377\000M\000e\000t\000h\000o\000d\000-\000S\000p\000e\000c\000i\000f\000i\000c\000\040\000S\000t\000r\000e\000n\000g\000t\000h\000s}{section.6}% 31
\BOOKMARK [2][-]{subsection.6.4}{\376\377\000L\000i\000m\000i\000t\000a\000t\000i\000o\000n\000s}{section.6}% 32
\BOOKMARK [1][-]{section.7}{\376\377\000C\000o\000n\000c\000l\000u\000s\000i\000o\000n}{}% 33
